Archive member included because of file (symbol)

f:/embeded systems/embeded systems diploma tools/00-tools-20211009t132107z-001/00-tools/01-imt sdk/copy of imt_sdk_win_64/imt_sdk_win_64/winavr/bin/../lib/gcc/avr/4.3.3/avr5\libgcc.a(_copy_data.o)
                              ./main.o (__do_copy_data)
f:/embeded systems/embeded systems diploma tools/00-tools-20211009t132107z-001/00-tools/01-imt sdk/copy of imt_sdk_win_64/imt_sdk_win_64/winavr/bin/../lib/gcc/avr/4.3.3/avr5\libgcc.a(_clear_bss.o)
                              ./ADC_program.o (__do_clear_bss)
f:/embeded systems/embeded systems diploma tools/00-tools-20211009t132107z-001/00-tools/01-imt sdk/copy of imt_sdk_win_64/imt_sdk_win_64/winavr/bin/../lib/gcc/avr/4.3.3/../../../../avr/lib/avr5\libc.a(strncmp.o)
                              ./main.o (strncmp)

Allocating common symbols
Common symbol       size              file

Str                 0x10              ./main.o

Memory Configuration

Name             Origin             Length             Attributes
text             0x00000000         0x00020000         xr
data             0x00800060         0x0000ffa0         rw !x
eeprom           0x00810000         0x00010000         rw !x
fuse             0x00820000         0x00000400         rw !x
lock             0x00830000         0x00000400         rw !x
signature        0x00840000         0x00000400         rw !x
*default*        0x00000000         0xffffffff

Linker script and memory map

LOAD f:/embeded systems/embeded systems diploma tools/00-tools-20211009t132107z-001/00-tools/01-imt sdk/copy of imt_sdk_win_64/imt_sdk_win_64/winavr/bin/../lib/gcc/avr/4.3.3/../../../../avr/lib/avr5/crtm32.o
LOAD ./ADC_program.o
LOAD ./DIO_program.o
LOAD ./GIE_program.o
LOAD ./PORT_program.o
LOAD ./TIMER_program.o
LOAD ./USART_program.o
LOAD ./main.o
LOAD f:/embeded systems/embeded systems diploma tools/00-tools-20211009t132107z-001/00-tools/01-imt sdk/copy of imt_sdk_win_64/imt_sdk_win_64/winavr/bin/../lib/gcc/avr/4.3.3/avr5\libgcc.a
LOAD f:/embeded systems/embeded systems diploma tools/00-tools-20211009t132107z-001/00-tools/01-imt sdk/copy of imt_sdk_win_64/imt_sdk_win_64/winavr/bin/../lib/gcc/avr/4.3.3/../../../../avr/lib/avr5\libc.a
LOAD f:/embeded systems/embeded systems diploma tools/00-tools-20211009t132107z-001/00-tools/01-imt sdk/copy of imt_sdk_win_64/imt_sdk_win_64/winavr/bin/../lib/gcc/avr/4.3.3/avr5\libgcc.a

.hash
 *(.hash)

.dynsym
 *(.dynsym)

.dynstr
 *(.dynstr)

.gnu.version
 *(.gnu.version)

.gnu.version_d
 *(.gnu.version_d)

.gnu.version_r
 *(.gnu.version_r)

.rel.init
 *(.rel.init)

.rela.init
 *(.rela.init)

.rel.text
 *(.rel.text)
 *(.rel.text.*)
 *(.rel.gnu.linkonce.t*)

.rela.text
 *(.rela.text)
 *(.rela.text.*)
 *(.rela.gnu.linkonce.t*)

.rel.fini
 *(.rel.fini)

.rela.fini
 *(.rela.fini)

.rel.rodata
 *(.rel.rodata)
 *(.rel.rodata.*)
 *(.rel.gnu.linkonce.r*)

.rela.rodata
 *(.rela.rodata)
 *(.rela.rodata.*)
 *(.rela.gnu.linkonce.r*)

.rel.data
 *(.rel.data)
 *(.rel.data.*)
 *(.rel.gnu.linkonce.d*)

.rela.data
 *(.rela.data)
 *(.rela.data.*)
 *(.rela.gnu.linkonce.d*)

.rel.ctors
 *(.rel.ctors)

.rela.ctors
 *(.rela.ctors)

.rel.dtors
 *(.rel.dtors)

.rela.dtors
 *(.rela.dtors)

.rel.got
 *(.rel.got)

.rela.got
 *(.rela.got)

.rel.bss
 *(.rel.bss)

.rela.bss
 *(.rela.bss)

.rel.plt
 *(.rel.plt)

.rela.plt
 *(.rela.plt)

.text           0x00000000     0x12fe
 *(.vectors)
 .vectors       0x00000000       0x54 f:/embeded systems/embeded systems diploma tools/00-tools-20211009t132107z-001/00-tools/01-imt sdk/copy of imt_sdk_win_64/imt_sdk_win_64/winavr/bin/../lib/gcc/avr/4.3.3/../../../../avr/lib/avr5/crtm32.o
                0x00000000                __vectors
                0x00000000                __vector_default
 *(.vectors)
 *(.progmem.gcc*)
 *(.progmem*)
                0x00000054                . = ALIGN (0x2)
                0x00000054                __trampolines_start = .
 *(.trampolines)
 .trampolines   0x00000054        0x0 linker stubs
 *(.trampolines*)
                0x00000054                __trampolines_end = .
 *(.jumptables)
 *(.jumptables*)
 *(.lowtext)
 *(.lowtext*)
                0x00000054                __ctors_start = .
 *(.ctors)
                0x00000054                __ctors_end = .
                0x00000054                __dtors_start = .
 *(.dtors)
                0x00000054                __dtors_end = .
 SORT(*)(.ctors)
 SORT(*)(.dtors)
 *(.init0)
 .init0         0x00000054        0x0 f:/embeded systems/embeded systems diploma tools/00-tools-20211009t132107z-001/00-tools/01-imt sdk/copy of imt_sdk_win_64/imt_sdk_win_64/winavr/bin/../lib/gcc/avr/4.3.3/../../../../avr/lib/avr5/crtm32.o
                0x00000054                __init
 *(.init0)
 *(.init1)
 *(.init1)
 *(.init2)
 .init2         0x00000054        0xc f:/embeded systems/embeded systems diploma tools/00-tools-20211009t132107z-001/00-tools/01-imt sdk/copy of imt_sdk_win_64/imt_sdk_win_64/winavr/bin/../lib/gcc/avr/4.3.3/../../../../avr/lib/avr5/crtm32.o
 *(.init2)
 *(.init3)
 *(.init3)
 *(.init4)
 .init4         0x00000060       0x16 f:/embeded systems/embeded systems diploma tools/00-tools-20211009t132107z-001/00-tools/01-imt sdk/copy of imt_sdk_win_64/imt_sdk_win_64/winavr/bin/../lib/gcc/avr/4.3.3/avr5\libgcc.a(_copy_data.o)
                0x00000060                __do_copy_data
 .init4         0x00000076       0x10 f:/embeded systems/embeded systems diploma tools/00-tools-20211009t132107z-001/00-tools/01-imt sdk/copy of imt_sdk_win_64/imt_sdk_win_64/winavr/bin/../lib/gcc/avr/4.3.3/avr5\libgcc.a(_clear_bss.o)
                0x00000076                __do_clear_bss
 *(.init4)
 *(.init5)
 *(.init5)
 *(.init6)
 *(.init6)
 *(.init7)
 *(.init7)
 *(.init8)
 *(.init8)
 *(.init9)
 .init9         0x00000086        0x8 f:/embeded systems/embeded systems diploma tools/00-tools-20211009t132107z-001/00-tools/01-imt sdk/copy of imt_sdk_win_64/imt_sdk_win_64/winavr/bin/../lib/gcc/avr/4.3.3/../../../../avr/lib/avr5/crtm32.o
 *(.init9)
 *(.text)
 .text          0x0000008e        0x4 f:/embeded systems/embeded systems diploma tools/00-tools-20211009t132107z-001/00-tools/01-imt sdk/copy of imt_sdk_win_64/imt_sdk_win_64/winavr/bin/../lib/gcc/avr/4.3.3/../../../../avr/lib/avr5/crtm32.o
                0x0000008e                __vector_1
                0x0000008e                __vector_12
                0x0000008e                __bad_interrupt
                0x0000008e                __vector_6
                0x0000008e                __vector_3
                0x0000008e                __vector_17
                0x0000008e                __vector_19
                0x0000008e                __vector_7
                0x0000008e                __vector_5
                0x0000008e                __vector_4
                0x0000008e                __vector_9
                0x0000008e                __vector_2
                0x0000008e                __vector_15
                0x0000008e                __vector_8
                0x0000008e                __vector_14
                0x0000008e                __vector_18
                0x0000008e                __vector_20
 .text          0x00000092        0x0 ./ADC_program.o
 .text          0x00000092        0x0 ./DIO_program.o
 .text          0x00000092        0x0 ./GIE_program.o
 .text          0x00000092        0x0 ./PORT_program.o
 .text          0x00000092        0x0 ./TIMER_program.o
 .text          0x00000092        0x0 ./USART_program.o
 .text          0x00000092        0x0 ./main.o
 .text          0x00000092        0x0 f:/embeded systems/embeded systems diploma tools/00-tools-20211009t132107z-001/00-tools/01-imt sdk/copy of imt_sdk_win_64/imt_sdk_win_64/winavr/bin/../lib/gcc/avr/4.3.3/avr5\libgcc.a(_copy_data.o)
 .text          0x00000092        0x0 f:/embeded systems/embeded systems diploma tools/00-tools-20211009t132107z-001/00-tools/01-imt sdk/copy of imt_sdk_win_64/imt_sdk_win_64/winavr/bin/../lib/gcc/avr/4.3.3/avr5\libgcc.a(_clear_bss.o)
 .text          0x00000092        0x0 f:/embeded systems/embeded systems diploma tools/00-tools-20211009t132107z-001/00-tools/01-imt sdk/copy of imt_sdk_win_64/imt_sdk_win_64/winavr/bin/../lib/gcc/avr/4.3.3/../../../../avr/lib/avr5\libc.a(strncmp.o)
                0x00000092                . = ALIGN (0x2)
 *(.text.*)
 .text.ADC_u8StartConversionSynch
                0x00000092      0x102 ./ADC_program.o
                0x00000092                ADC_u8StartConversionSynch
 .text.ADC_u8StartConversionAsynch
                0x00000194       0xb0 ./ADC_program.o
                0x00000194                ADC_u8StartConversionAsynch
 .text.__vector_16
                0x00000244      0x134 ./ADC_program.o
                0x00000244                __vector_16
 .text.ADC_voidInit
                0x00000378       0x98 ./ADC_program.o
                0x00000378                ADC_voidInit
 .text.ADC_u8StartChainAsynch
                0x00000410       0xda ./ADC_program.o
                0x00000410                ADC_u8StartChainAsynch
 .text.DIO_u8SetPinValue
                0x000004ea      0x224 ./DIO_program.o
                0x000004ea                DIO_u8SetPinValue
 .text.DIO_u8SetPortValue
                0x0000070e       0x90 ./DIO_program.o
                0x0000070e                DIO_u8SetPortValue
 .text.DIO_u8GetPinValue
                0x0000079e      0x134 ./DIO_program.o
                0x0000079e                DIO_u8GetPinValue
 .text.GIE_voidEnable
                0x000008d2       0x1c ./GIE_program.o
                0x000008d2                GIE_voidEnable
 .text.GIE_voidDisable
                0x000008ee       0x1c ./GIE_program.o
                0x000008ee                GIE_voidDisable
 .text.PORT_voidInit
                0x0000090a       0x46 ./PORT_program.o
                0x0000090a                PORT_voidInit
 .text.TIMER0_voidInit
                0x00000950       0x70 ./TIMER_program.o
                0x00000950                TIMER0_voidInit
 .text.TIMER0_voidSetCompareMatchValue
                0x000009c0       0x1c ./TIMER_program.o
                0x000009c0                TIMER0_voidSetCompareMatchValue
 .text.TIMER0_u8SetCallBack
                0x000009dc       0x3c ./TIMER_program.o
                0x000009dc                TIMER0_u8SetCallBack
 .text.__vector_10
                0x00000a18       0x66 ./TIMER_program.o
                0x00000a18                __vector_10
 .text.__vector_11
                0x00000a7e       0x66 ./TIMER_program.o
                0x00000a7e                __vector_11
 .text.TIMER1_voidInit
                0x00000ae4       0xa8 ./TIMER_program.o
                0x00000ae4                TIMER1_voidInit
 .text.TIMER1_voidSetCompareMatchValue
                0x00000b8c       0x24 ./TIMER_program.o
                0x00000b8c                TIMER1_voidSetCompareMatchValue
 .text.USART_voidInit
                0x00000bb0       0x6a ./USART_program.o
                0x00000bb0                USART_voidInit
 .text.USART_voidSend
                0x00000c1a       0x34 ./USART_program.o
                0x00000c1a                USART_voidSend
 .text.UART_Send_String
                0x00000c4e       0x3a ./USART_program.o
                0x00000c4e                UART_Send_String
 .text.UART_Receive_String
                0x00000c88       0x30 ./USART_program.o
                0x00000c88                UART_Receive_String
 .text.USART_u8Receive
                0x00000cb8       0x1e ./USART_program.o
                0x00000cb8                USART_u8Receive
 .text.USART_voidReceiveString
                0x00000cd6       0x68 ./USART_program.o
                0x00000cd6                USART_voidReceiveString
 .text.USART_voidSendString
                0x00000d3e       0x76 ./USART_program.o
                0x00000d3e                USART_voidSendString
 .text.gets_UART1
                0x00000db4       0x68 ./USART_program.o
                0x00000db4                gets_UART1
 .text.UARTINT_voidSetCallBack
                0x00000e1c       0x24 ./USART_program.o
                0x00000e1c                UARTINT_voidSetCallBack
 .text.__vector_13
                0x00000e40       0x5a ./USART_program.o
                0x00000e40                __vector_13
 .text.enable_UART_Int
                0x00000e9a       0x2a ./USART_program.o
                0x00000e9a                enable_UART_Int
 .text.main     0x00000ec4       0xde ./main.o
                0x00000ec4                main
 .text.get_input
                0x00000fa2      0x202 ./main.o
                0x00000fa2                get_input
 .text.pin_check
                0x000011a4       0xd2 ./main.o
                0x000011a4                pin_check
 .text.Servo_Motor
                0x00001276       0x4a ./main.o
                0x00001276                Servo_Motor
 .text.cursor   0x000012c0       0x22 ./main.o
                0x000012c0                cursor
 .text.libgcc   0x000012e2        0x0 f:/embeded systems/embeded systems diploma tools/00-tools-20211009t132107z-001/00-tools/01-imt sdk/copy of imt_sdk_win_64/imt_sdk_win_64/winavr/bin/../lib/gcc/avr/4.3.3/avr5\libgcc.a(_copy_data.o)
 .text.libgcc   0x000012e2        0x0 f:/embeded systems/embeded systems diploma tools/00-tools-20211009t132107z-001/00-tools/01-imt sdk/copy of imt_sdk_win_64/imt_sdk_win_64/winavr/bin/../lib/gcc/avr/4.3.3/avr5\libgcc.a(_clear_bss.o)
 .text.avr-libc
                0x000012e2       0x1c f:/embeded systems/embeded systems diploma tools/00-tools-20211009t132107z-001/00-tools/01-imt sdk/copy of imt_sdk_win_64/imt_sdk_win_64/winavr/bin/../lib/gcc/avr/4.3.3/../../../../avr/lib/avr5\libc.a(strncmp.o)
                0x000012e2                strncmp
                0x000012fe                . = ALIGN (0x2)
 *(.fini9)
 *(.fini9)
 *(.fini8)
 *(.fini8)
 *(.fini7)
 *(.fini7)
 *(.fini6)
 *(.fini6)
 *(.fini5)
 *(.fini5)
 *(.fini4)
 *(.fini4)
 *(.fini3)
 *(.fini3)
 *(.fini2)
 *(.fini2)
 *(.fini1)
 *(.fini1)
 *(.fini0)
 *(.fini0)
                0x000012fe                _etext = .

.data           0x00800060      0x1f4 load address 0x000012fe
                0x00800060                PROVIDE (__data_start, .)
 *(.data)
 .data          0x00800060        0x0 f:/embeded systems/embeded systems diploma tools/00-tools-20211009t132107z-001/00-tools/01-imt sdk/copy of imt_sdk_win_64/imt_sdk_win_64/winavr/bin/../lib/gcc/avr/4.3.3/../../../../avr/lib/avr5/crtm32.o
 .data          0x00800060        0x0 ./ADC_program.o
 .data          0x00800060        0x0 ./DIO_program.o
 .data          0x00800060        0x0 ./GIE_program.o
 .data          0x00800060        0x0 ./PORT_program.o
 .data          0x00800060        0x0 ./TIMER_program.o
 .data          0x00800060        0x0 ./USART_program.o
 .data          0x00800060      0x186 ./main.o
 .data          0x008001e6        0x0 f:/embeded systems/embeded systems diploma tools/00-tools-20211009t132107z-001/00-tools/01-imt sdk/copy of imt_sdk_win_64/imt_sdk_win_64/winavr/bin/../lib/gcc/avr/4.3.3/avr5\libgcc.a(_copy_data.o)
 .data          0x008001e6        0x0 f:/embeded systems/embeded systems diploma tools/00-tools-20211009t132107z-001/00-tools/01-imt sdk/copy of imt_sdk_win_64/imt_sdk_win_64/winavr/bin/../lib/gcc/avr/4.3.3/avr5\libgcc.a(_clear_bss.o)
 .data          0x008001e6        0x0 f:/embeded systems/embeded systems diploma tools/00-tools-20211009t132107z-001/00-tools/01-imt sdk/copy of imt_sdk_win_64/imt_sdk_win_64/winavr/bin/../lib/gcc/avr/4.3.3/../../../../avr/lib/avr5\libc.a(strncmp.o)
 *(.data*)
 .data.password
                0x008001e6        0x5 ./main.o
                0x008001e6                password
 .data.lighton  0x008001eb        0x8 ./main.o
                0x008001eb                lighton
 .data.lightoff
                0x008001f3        0x9 ./main.o
                0x008001f3                lightoff
 .data.fanon    0x008001fc        0x6 ./main.o
                0x008001fc                fanon
 .data.fanoff   0x00800202        0x7 ./main.o
                0x00800202                fanoff
 .data.opendoor
                0x00800209        0x9 ./main.o
                0x00800209                opendoor
 .data.closedoor
                0x00800212        0xa ./main.o
                0x00800212                closedoor
 .data.smartlighton
                0x0080021c        0xd ./main.o
                0x0080021c                smartlighton
 .data.smartlightoff
                0x00800229        0xe ./main.o
                0x00800229                smartlightoff
 .data.smartfanon
                0x00800237        0xb ./main.o
                0x00800237                smartfanon
 .data.smartfanoff
                0x00800242        0xc ./main.o
                0x00800242                smartfanoff
 .data.exit     0x0080024e        0x5 ./main.o
                0x0080024e                exit
 *(.rodata)
 *(.rodata*)
 *(.gnu.linkonce.d*)
                0x00800254                . = ALIGN (0x2)
 *fill*         0x00800253        0x1 00
                0x00800254                _edata = .
                0x00800254                PROVIDE (__data_end, .)

.bss            0x00800254       0x24
                0x00800254                PROVIDE (__bss_start, .)
 *(.bss)
 .bss           0x00800254        0x0 f:/embeded systems/embeded systems diploma tools/00-tools-20211009t132107z-001/00-tools/01-imt sdk/copy of imt_sdk_win_64/imt_sdk_win_64/winavr/bin/../lib/gcc/avr/4.3.3/../../../../avr/lib/avr5/crtm32.o
 .bss           0x00800254        0x0 ./ADC_program.o
 .bss           0x00800254        0x0 ./DIO_program.o
 .bss           0x00800254        0x0 ./GIE_program.o
 .bss           0x00800254        0x0 ./PORT_program.o
 .bss           0x00800254        0x0 ./TIMER_program.o
 .bss           0x00800254        0x0 ./USART_program.o
 .bss           0x00800254        0x0 ./main.o
 .bss           0x00800254        0x0 f:/embeded systems/embeded systems diploma tools/00-tools-20211009t132107z-001/00-tools/01-imt sdk/copy of imt_sdk_win_64/imt_sdk_win_64/winavr/bin/../lib/gcc/avr/4.3.3/avr5\libgcc.a(_copy_data.o)
 .bss           0x00800254        0x0 f:/embeded systems/embeded systems diploma tools/00-tools-20211009t132107z-001/00-tools/01-imt sdk/copy of imt_sdk_win_64/imt_sdk_win_64/winavr/bin/../lib/gcc/avr/4.3.3/avr5\libgcc.a(_clear_bss.o)
 .bss           0x00800254        0x0 f:/embeded systems/embeded systems diploma tools/00-tools-20211009t132107z-001/00-tools/01-imt sdk/copy of imt_sdk_win_64/imt_sdk_win_64/winavr/bin/../lib/gcc/avr/4.3.3/../../../../avr/lib/avr5\libc.a(strncmp.o)
 *(.bss*)
 .bss.ADC_pvISRFunc
                0x00800254        0x2 ./ADC_program.o
                0x00800254                ADC_pvISRFunc
 .bss.ADC_pu16Reading
                0x00800256        0x2 ./ADC_program.o
 .bss.ADC_pvCallBackNotificationFunc
                0x00800258        0x2 ./ADC_program.o
 .bss.ADC_pu8ChainChannelArr
                0x0080025a        0x2 ./ADC_program.o
 .bss.ADC_pu16ChainResultArr
                0x0080025c        0x2 ./ADC_program.o
 .bss.ADC_u8ChainConversionIndex
                0x0080025e        0x1 ./ADC_program.o
 .bss.ADC_u8BusyState
                0x0080025f        0x1 ./ADC_program.o
                0x0080025f                ADC_u8BusyState
 .bss.ADC_u8ChainSize
                0x00800260        0x1 ./ADC_program.o
 .bss.ADC_u8ISRSource
                0x00800261        0x1 ./ADC_program.o
 .bss.TIMER0_pvCallBackFunc
                0x00800262        0x2 ./TIMER_program.o
 .bss.UARTINT_ApfuncUARTINT
                0x00800264        0x2 ./USART_program.o
 .bss.light_flag
                0x00800266        0x1 ./main.o
                0x00800266                light_flag
 .bss.fan_flag  0x00800267        0x1 ./main.o
                0x00800267                fan_flag
 *(COMMON)
 COMMON         0x00800268       0x10 ./main.o
                0x00800268                Str
                0x00800278                PROVIDE (__bss_end, .)
                0x000012fe                __data_load_start = LOADADDR (.data)
                0x000014f2                __data_load_end = (__data_load_start + SIZEOF (.data))

.noinit         0x00800278        0x0
                0x00800278                PROVIDE (__noinit_start, .)
 *(.noinit*)
                0x00800278                PROVIDE (__noinit_end, .)
                0x00800278                _end = .
                0x00800278                PROVIDE (__heap_start, .)

.eeprom         0x00810000        0x0
 *(.eeprom*)
                0x00810000                __eeprom_end = .

.fuse
 *(.fuse)
 *(.lfuse)
 *(.hfuse)
 *(.efuse)

.lock
 *(.lock*)

.signature
 *(.signature*)

.stab           0x00000000     0x1ff8
 *(.stab)
 .stab          0x00000000      0x6c0 ./ADC_program.o
 .stab          0x000006c0      0x3cc ./DIO_program.o
                                0x444 (size before relaxing)
 .stab          0x00000a8c      0x144 ./GIE_program.o
                                0x1bc (size before relaxing)
 .stab          0x00000bd0      0x168 ./PORT_program.o
                                0x1e0 (size before relaxing)
 .stab          0x00000d38      0x390 ./TIMER_program.o
                                0x408 (size before relaxing)
 .stab          0x000010c8      0x594 ./USART_program.o
                                0x60c (size before relaxing)
 .stab          0x0000165c      0x99c ./main.o
                                0xa2c (size before relaxing)

.stabstr        0x00000000     0x137f
 *(.stabstr)
 .stabstr       0x00000000     0x137f ./ADC_program.o

.stab.excl
 *(.stab.excl)

.stab.exclstr
 *(.stab.exclstr)

.stab.index
 *(.stab.index)

.stab.indexstr
 *(.stab.indexstr)

.comment
 *(.comment)

.debug
 *(.debug)

.line
 *(.line)

.debug_srcinfo
 *(.debug_srcinfo)

.debug_sfnames
 *(.debug_sfnames)

.debug_aranges
 *(.debug_aranges)

.debug_pubnames
 *(.debug_pubnames)

.debug_info
 *(.debug_info)
 *(.gnu.linkonce.wi.*)

.debug_abbrev
 *(.debug_abbrev)

.debug_line
 *(.debug_line)

.debug_frame
 *(.debug_frame)

.debug_str
 *(.debug_str)

.debug_loc
 *(.debug_loc)

.debug_macinfo
 *(.debug_macinfo)
OUTPUT(Smart_Home.elf elf32-avr)
LOAD linker stubs
